<?xml version="1.0" encoding="UTF-8"?>
<testng-results ignored="0" total="7" passed="7" failed="0" skipped="0">
  <reporter-output>
  </reporter-output>
  <suite started-at="2022-12-13T17:36:03 IST" name="Gradle suite" finished-at="2022-12-13T17:38:37 IST" duration-ms="153225">
    <groups>
      <group name="API TESTING">
        <method signature="testCase_API_01.TestCase01()[pri:1, instance:qtriptest.APITests.testCase_API_01@537f60bf]" name="TestCase01" class="qtriptest.APITests.testCase_API_01"/>
        <method signature="testCase_API_02.TestCase02()[pri:2, instance:qtriptest.APITests.testCase_API_02@5677323c]" name="TestCase02" class="qtriptest.APITests.testCase_API_02"/>
        <method signature="testCase_API_03.TestCase03()[pri:3, instance:qtriptest.APITests.testCase_API_03@51c668e3]" name="TestCase03" class="qtriptest.APITests.testCase_API_03"/>
        <method signature="testCase_API_04.Testcase04()[pri:4, instance:qtriptest.APITests.testCase_API_04@18df8434]" name="Testcase04" class="qtriptest.APITests.testCase_API_04"/>
      </group> <!-- API TESTING -->
      <group name="Login Flow">
        <method signature="testCase_01.TestCase01(java.lang.String,java.lang.String)[pri:0, instance:qtriptest.tests.testCase_01@2034b64c]" name="TestCase01" class="qtriptest.tests.testCase_01"/>
      </group> <!-- Login Flow -->
    </groups>
    <test started-at="2022-12-13T17:36:03 IST" name="Gradle test" finished-at="2022-12-13T17:38:37 IST" duration-ms="153225">
      <class name="qtriptest.APITests.testCase_API_01">
        <test-method signature="TestCase01()[pri:1, instance:qtriptest.APITests.testCase_API_01@537f60bf]" started-at="2022-12-13T17:38:19 IST" name="TestCase01" finished-at="2022-12-13T17:38:27 IST" duration-ms="7339" status="PASS">
          <reporter-output>
          </reporter-output>
        </test-method> <!-- TestCase01 -->
      </class> <!-- qtriptest.APITests.testCase_API_01 -->
      <class name="qtriptest.APITests.testCase_API_02">
        <test-method signature="TestCase02()[pri:2, instance:qtriptest.APITests.testCase_API_02@5677323c]" started-at="2022-12-13T17:38:27 IST" name="TestCase02" finished-at="2022-12-13T17:38:29 IST" duration-ms="2145" status="PASS">
          <reporter-output>
          </reporter-output>
        </test-method> <!-- TestCase02 -->
      </class> <!-- qtriptest.APITests.testCase_API_02 -->
      <class name="qtriptest.APITests.testCase_API_03">
        <test-method signature="TestCase03()[pri:3, instance:qtriptest.APITests.testCase_API_03@51c668e3]" started-at="2022-12-13T17:38:29 IST" name="TestCase03" finished-at="2022-12-13T17:38:34 IST" duration-ms="5229" status="PASS">
          <reporter-output>
          </reporter-output>
        </test-method> <!-- TestCase03 -->
      </class> <!-- qtriptest.APITests.testCase_API_03 -->
      <class name="qtriptest.APITests.testCase_API_04">
        <test-method signature="Testcase04()[pri:4, instance:qtriptest.APITests.testCase_API_04@18df8434]" started-at="2022-12-13T17:38:34 IST" name="Testcase04" finished-at="2022-12-13T17:38:37 IST" duration-ms="2645" status="PASS">
          <reporter-output>
          </reporter-output>
        </test-method> <!-- Testcase04 -->
      </class> <!-- qtriptest.APITests.testCase_API_04 -->
      <class name="qtriptest.tests.testCase_01">
        <test-method is-config="true" signature="createDriver()[pri:0, instance:qtriptest.tests.testCase_01@2034b64c]" started-at="2022-12-13T17:36:03 IST" name="createDriver" finished-at="2022-12-13T17:36:09 IST" duration-ms="5084" status="PASS">
          <reporter-output>
          </reporter-output>
        </test-method> <!-- createDriver -->
        <test-method signature="TestCase01(java.lang.String,java.lang.String)[pri:0, instance:qtriptest.tests.testCase_01@2034b64c]" started-at="2022-12-13T17:36:10 IST" name="TestCase01" description="Verify user registration - login - logout" data-provider="data-provider" finished-at="2022-12-13T17:36:54 IST" duration-ms="43634" status="PASS">
          <params>
            <param index="0">
              <value>
                <![CDATA[testuser@gmail.com]]>
              </value>
            </param>
            <param index="1">
              <value>
                <![CDATA[abc@123]]>
              </value>
            </param>
          </params>
          <reporter-output>
          </reporter-output>
        </test-method> <!-- TestCase01 -->
        <test-method signature="TestCase01(java.lang.String,java.lang.String)[pri:0, instance:qtriptest.tests.testCase_01@2034b64c]" started-at="2022-12-13T17:36:54 IST" name="TestCase01" description="Verify user registration - login - logout" data-provider="data-provider" finished-at="2022-12-13T17:37:36 IST" duration-ms="42770" status="PASS">
          <params>
            <param index="0">
              <value>
                <![CDATA[TESTUSER@gmail.com]]>
              </value>
            </param>
            <param index="1">
              <value>
                <![CDATA[123456.0]]>
              </value>
            </param>
          </params>
          <reporter-output>
          </reporter-output>
        </test-method> <!-- TestCase01 -->
        <test-method signature="TestCase01(java.lang.String,java.lang.String)[pri:0, instance:qtriptest.tests.testCase_01@2034b64c]" started-at="2022-12-13T17:37:36 IST" name="TestCase01" description="Verify user registration - login - logout" data-provider="data-provider" finished-at="2022-12-13T17:38:19 IST" duration-ms="42743" status="PASS">
          <params>
            <param index="0">
              <value>
                <![CDATA[123_USER_low@gmail.com]]>
              </value>
            </param>
            <param index="1">
              <value>
                <![CDATA[QWERTY!!!!]]>
              </value>
            </param>
          </params>
          <reporter-output>
          </reporter-output>
        </test-method> <!-- TestCase01 -->
        <test-method is-config="true" signature="quitDriver()[pri:0, instance:qtriptest.tests.testCase_01@2034b64c]" started-at="2022-12-13T17:38:37 IST" name="quitDriver" finished-at="2022-12-13T17:38:37 IST" duration-ms="110" status="PASS">
          <reporter-output>
          </reporter-output>
        </test-method> <!-- quitDriver -->
      </class> <!-- qtriptest.tests.testCase_01 -->
    </test> <!-- Gradle test -->
  </suite> <!-- Gradle suite -->
</testng-results>
